/home/alfonso/coppelia_vision_act13_ws/install/robot_controller_pkg/lib/python3.10/site-packages/robot_controller_pkg/node_robot_controller.py
/home/alfonso/coppelia_vision_act13_ws/install/robot_controller_pkg/lib/python3.10/site-packages/robot_controller_pkg/__init__.py
/home/alfonso/coppelia_vision_act13_ws/install/robot_controller_pkg/lib/python3.10/site-packages/robot_controller_pkg/robot_controller.py
/home/alfonso/coppelia_vision_act13_ws/install/robot_controller_pkg/lib/python3.10/site-packages/robot_controller_pkg/node_move_sphere.py
/home/alfonso/coppelia_vision_act13_ws/install/robot_controller_pkg/lib/python3.10/site-packages/robot_controller_pkg/node_visual_servoing_controller.py
/home/alfonso/coppelia_vision_act13_ws/install/robot_controller_pkg/lib/python3.10/site-packages/robot_controller_pkg/node_circle_controller.py
/home/alfonso/coppelia_vision_act13_ws/install/robot_controller_pkg/lib/python3.10/site-packages/robot_controller_pkg/__pycache__/node_robot_controller.cpython-310.pyc
/home/alfonso/coppelia_vision_act13_ws/install/robot_controller_pkg/lib/python3.10/site-packages/robot_controller_pkg/__pycache__/__init__.cpython-310.pyc
/home/alfonso/coppelia_vision_act13_ws/install/robot_controller_pkg/lib/python3.10/site-packages/robot_controller_pkg/__pycache__/robot_controller.cpython-310.pyc
/home/alfonso/coppelia_vision_act13_ws/install/robot_controller_pkg/lib/python3.10/site-packages/robot_controller_pkg/__pycache__/node_move_sphere.cpython-310.pyc
/home/alfonso/coppelia_vision_act13_ws/install/robot_controller_pkg/lib/python3.10/site-packages/robot_controller_pkg/__pycache__/node_visual_servoing_controller.cpython-310.pyc
/home/alfonso/coppelia_vision_act13_ws/install/robot_controller_pkg/lib/python3.10/site-packages/robot_controller_pkg/__pycache__/node_circle_controller.cpython-310.pyc
/home/alfonso/coppelia_vision_act13_ws/install/robot_controller_pkg/share/ament_index/resource_index/packages/robot_controller_pkg
/home/alfonso/coppelia_vision_act13_ws/install/robot_controller_pkg/share/robot_controller_pkg/package.xml
/home/alfonso/coppelia_vision_act13_ws/install/robot_controller_pkg/lib/python3.10/site-packages/robot_controller_pkg-0.0.0-py3.10.egg-info/top_level.txt
/home/alfonso/coppelia_vision_act13_ws/install/robot_controller_pkg/lib/python3.10/site-packages/robot_controller_pkg-0.0.0-py3.10.egg-info/requires.txt
/home/alfonso/coppelia_vision_act13_ws/install/robot_controller_pkg/lib/python3.10/site-packages/robot_controller_pkg-0.0.0-py3.10.egg-info/zip-safe
/home/alfonso/coppelia_vision_act13_ws/install/robot_controller_pkg/lib/python3.10/site-packages/robot_controller_pkg-0.0.0-py3.10.egg-info/dependency_links.txt
/home/alfonso/coppelia_vision_act13_ws/install/robot_controller_pkg/lib/python3.10/site-packages/robot_controller_pkg-0.0.0-py3.10.egg-info/SOURCES.txt
/home/alfonso/coppelia_vision_act13_ws/install/robot_controller_pkg/lib/python3.10/site-packages/robot_controller_pkg-0.0.0-py3.10.egg-info/entry_points.txt
/home/alfonso/coppelia_vision_act13_ws/install/robot_controller_pkg/lib/python3.10/site-packages/robot_controller_pkg-0.0.0-py3.10.egg-info/PKG-INFO
/home/alfonso/coppelia_vision_act13_ws/install/robot_controller_pkg/lib/robot_controller_pkg/node_move_sphere
/home/alfonso/coppelia_vision_act13_ws/install/robot_controller_pkg/lib/robot_controller_pkg/node_robot_controller
/home/alfonso/coppelia_vision_act13_ws/install/robot_controller_pkg/lib/robot_controller_pkg/node_trajectory_controller
/home/alfonso/coppelia_vision_act13_ws/install/robot_controller_pkg/lib/robot_controller_pkg/node_visual_servoing_controller
