[0.831s] Invoking command in '/home/alfonso/coppelia_vision_act13_ws/src/robot_controller_pkg': PYTHONPATH=/home/alfonso/coppelia_vision_act13_ws/build/robot_controller_pkg/prefix_override:/usr/lib/python3/dist-packages/colcon_core/task/python/colcon_distutils_commands:/home/alfonso/coppelia_vision_act13_ws/install/robot_controller_pkg/lib/python3.10/site-packages:${PYTHONPATH} /usr/bin/python3 -W ignore:setup.py install is deprecated -W ignore:easy_install command is deprecated setup.py egg_info --egg-base ../../build/robot_controller_pkg build --build-base /home/alfonso/coppelia_vision_act13_ws/build/robot_controller_pkg/build install --record /home/alfonso/coppelia_vision_act13_ws/build/robot_controller_pkg/install.log --single-version-externally-managed install_data
[0.995s] running egg_info
[0.996s] writing ../../build/robot_controller_pkg/robot_controller_pkg.egg-info/PKG-INFO
[0.997s] writing dependency_links to ../../build/robot_controller_pkg/robot_controller_pkg.egg-info/dependency_links.txt
[0.997s] writing entry points to ../../build/robot_controller_pkg/robot_controller_pkg.egg-info/entry_points.txt
[0.997s] writing requirements to ../../build/robot_controller_pkg/robot_controller_pkg.egg-info/requires.txt
[0.997s] writing top-level names to ../../build/robot_controller_pkg/robot_controller_pkg.egg-info/top_level.txt
[0.998s] reading manifest file '../../build/robot_controller_pkg/robot_controller_pkg.egg-info/SOURCES.txt'
[0.999s] writing manifest file '../../build/robot_controller_pkg/robot_controller_pkg.egg-info/SOURCES.txt'
[0.999s] running build
[0.999s] running build_py
[1.000s] running install
[1.000s] running install_lib
[1.001s] running install_data
[1.001s] running install_egg_info
[1.003s] removing '/home/alfonso/coppelia_vision_act13_ws/install/robot_controller_pkg/lib/python3.10/site-packages/robot_controller_pkg-0.0.0-py3.10.egg-info' (and everything under it)
[1.004s] Copying ../../build/robot_controller_pkg/robot_controller_pkg.egg-info to /home/alfonso/coppelia_vision_act13_ws/install/robot_controller_pkg/lib/python3.10/site-packages/robot_controller_pkg-0.0.0-py3.10.egg-info
[1.005s] running install_scripts
[1.021s] Installing node_move_sphere script to /home/alfonso/coppelia_vision_act13_ws/install/robot_controller_pkg/lib/robot_controller_pkg
[1.021s] Installing node_robot_controller script to /home/alfonso/coppelia_vision_act13_ws/install/robot_controller_pkg/lib/robot_controller_pkg
[1.021s] Installing node_trajectory_controller script to /home/alfonso/coppelia_vision_act13_ws/install/robot_controller_pkg/lib/robot_controller_pkg
[1.021s] Installing node_visual_servoing_controller script to /home/alfonso/coppelia_vision_act13_ws/install/robot_controller_pkg/lib/robot_controller_pkg
[1.021s] writing list of installed files to '/home/alfonso/coppelia_vision_act13_ws/build/robot_controller_pkg/install.log'
[1.047s] Invoked command in '/home/alfonso/coppelia_vision_act13_ws/src/robot_controller_pkg' returned '0': PYTHONPATH=/home/alfonso/coppelia_vision_act13_ws/build/robot_controller_pkg/prefix_override:/usr/lib/python3/dist-packages/colcon_core/task/python/colcon_distutils_commands:/home/alfonso/coppelia_vision_act13_ws/install/robot_controller_pkg/lib/python3.10/site-packages:${PYTHONPATH} /usr/bin/python3 -W ignore:setup.py install is deprecated -W ignore:easy_install command is deprecated setup.py egg_info --egg-base ../../build/robot_controller_pkg build --build-base /home/alfonso/coppelia_vision_act13_ws/build/robot_controller_pkg/build install --record /home/alfonso/coppelia_vision_act13_ws/build/robot_controller_pkg/install.log --single-version-externally-managed install_data
