[0.835s] Invoking command in '/home/alfonso/coppelia_vision_act13_ws/src/camera_streamer_pkg': PYTHONPATH=/home/alfonso/coppelia_vision_act13_ws/build/camera_streamer_pkg/prefix_override:/usr/lib/python3/dist-packages/colcon_core/task/python/colcon_distutils_commands:/home/alfonso/coppelia_vision_act13_ws/install/camera_streamer_pkg/lib/python3.10/site-packages:${PYTHONPATH} /usr/bin/python3 -W ignore:setup.py install is deprecated -W ignore:easy_install command is deprecated setup.py egg_info --egg-base ../../build/camera_streamer_pkg build --build-base /home/alfonso/coppelia_vision_act13_ws/build/camera_streamer_pkg/build install --record /home/alfonso/coppelia_vision_act13_ws/build/camera_streamer_pkg/install.log --single-version-externally-managed install_data
[1.002s] running egg_info
[1.003s] writing ../../build/camera_streamer_pkg/camera_streamer_pkg.egg-info/PKG-INFO
[1.003s] writing dependency_links to ../../build/camera_streamer_pkg/camera_streamer_pkg.egg-info/dependency_links.txt
[1.003s] writing entry points to ../../build/camera_streamer_pkg/camera_streamer_pkg.egg-info/entry_points.txt
[1.003s] writing requirements to ../../build/camera_streamer_pkg/camera_streamer_pkg.egg-info/requires.txt
[1.003s] writing top-level names to ../../build/camera_streamer_pkg/camera_streamer_pkg.egg-info/top_level.txt
[1.004s] reading manifest file '../../build/camera_streamer_pkg/camera_streamer_pkg.egg-info/SOURCES.txt'
[1.005s] writing manifest file '../../build/camera_streamer_pkg/camera_streamer_pkg.egg-info/SOURCES.txt'
[1.005s] running build
[1.005s] running build_py
[1.005s] copying camera_streamer_pkg/node_camera_publisher.py -> /home/alfonso/coppelia_vision_act13_ws/build/camera_streamer_pkg/build/lib/camera_streamer_pkg
[1.005s] running install
[1.005s] running install_lib
[1.006s] copying /home/alfonso/coppelia_vision_act13_ws/build/camera_streamer_pkg/build/lib/camera_streamer_pkg/node_camera_publisher.py -> /home/alfonso/coppelia_vision_act13_ws/install/camera_streamer_pkg/lib/python3.10/site-packages/camera_streamer_pkg
[1.006s] byte-compiling /home/alfonso/coppelia_vision_act13_ws/install/camera_streamer_pkg/lib/python3.10/site-packages/camera_streamer_pkg/node_camera_publisher.py to node_camera_publisher.cpython-310.pyc
[1.007s] running install_data
[1.007s] running install_egg_info
[1.009s] removing '/home/alfonso/coppelia_vision_act13_ws/install/camera_streamer_pkg/lib/python3.10/site-packages/camera_streamer_pkg-0.0.0-py3.10.egg-info' (and everything under it)
[1.009s] Copying ../../build/camera_streamer_pkg/camera_streamer_pkg.egg-info to /home/alfonso/coppelia_vision_act13_ws/install/camera_streamer_pkg/lib/python3.10/site-packages/camera_streamer_pkg-0.0.0-py3.10.egg-info
[1.009s] running install_scripts
[1.025s] Installing node_camera_publisher script to /home/alfonso/coppelia_vision_act13_ws/install/camera_streamer_pkg/lib/camera_streamer_pkg
[1.025s] writing list of installed files to '/home/alfonso/coppelia_vision_act13_ws/build/camera_streamer_pkg/install.log'
[1.049s] Invoked command in '/home/alfonso/coppelia_vision_act13_ws/src/camera_streamer_pkg' returned '0': PYTHONPATH=/home/alfonso/coppelia_vision_act13_ws/build/camera_streamer_pkg/prefix_override:/usr/lib/python3/dist-packages/colcon_core/task/python/colcon_distutils_commands:/home/alfonso/coppelia_vision_act13_ws/install/camera_streamer_pkg/lib/python3.10/site-packages:${PYTHONPATH} /usr/bin/python3 -W ignore:setup.py install is deprecated -W ignore:easy_install command is deprecated setup.py egg_info --egg-base ../../build/camera_streamer_pkg build --build-base /home/alfonso/coppelia_vision_act13_ws/build/camera_streamer_pkg/build install --record /home/alfonso/coppelia_vision_act13_ws/build/camera_streamer_pkg/install.log --single-version-externally-managed install_data
