[0.069s] DEBUG:colcon:Command line arguments: ['/usr/bin/colcon', 'build']
[0.069s] DEBUG:colcon:Parsed command line arguments: Namespace(log_base=None, log_level=None, verb_name='build', build_base='build', install_base='install', merge_install=False, symlink_install=False, test_result_base=None, continue_on_error=False, executor='parallel', parallel_workers=12, event_handlers=None, ignore_user_meta=False, metas=['./colcon.meta'], base_paths=['.'], packages_ignore=None, packages_ignore_regex=None, paths=None, packages_up_to=None, packages_up_to_regex=None, packages_above=None, packages_above_and_dependencies=None, packages_above_depth=None, packages_select_by_dep=None, packages_skip_by_dep=None, packages_skip_up_to=None, packages_select_build_failed=False, packages_skip_build_finished=False, packages_select_test_failures=False, packages_skip_test_passed=False, packages_select=None, packages_skip=None, packages_select_regex=None, packages_skip_regex=None, packages_start=None, packages_end=None, allow_overriding=[], cmake_args=None, cmake_target=None, cmake_target_skip_unavailable=False, cmake_clean_cache=False, cmake_clean_first=False, cmake_force_configure=False, ament_cmake_args=None, catkin_cmake_args=None, catkin_skip_building_tests=False, mixin_files=None, mixin=None, verb_parser=<colcon_mixin.mixin.mixin_argument.MixinArgumentDecorator object at 0x7548e7957010>, verb_extension=<colcon_core.verb.build.BuildVerb object at 0x7548e7956a40>, main=<bound method BuildVerb.main of <colcon_core.verb.build.BuildVerb object at 0x7548e7956a40>>, mixin_verb=('build',))
[0.188s] Level 1:colcon.colcon_core.package_discovery:discover_packages(colcon_meta) check parameters
[0.188s] Level 1:colcon.colcon_core.package_discovery:discover_packages(recursive) check parameters
[0.188s] Level 1:colcon.colcon_core.package_discovery:discover_packages(ignore) check parameters
[0.188s] Level 1:colcon.colcon_core.package_discovery:discover_packages(path) check parameters
[0.188s] Level 1:colcon.colcon_core.package_discovery:discover_packages(colcon_meta) discover
[0.188s] Level 1:colcon.colcon_core.package_discovery:discover_packages(recursive) discover
[0.188s] INFO:colcon.colcon_core.package_discovery:Crawling recursively for packages in '/home/alfonso/coppelia_vision_act13_ws'
[0.188s] Level 1:colcon.colcon_core.package_identification:_identify(.) by extensions ['ignore', 'ignore_ament_install']
[0.188s] Level 1:colcon.colcon_core.package_identification:_identify(.) by extension 'ignore'
[0.188s] Level 1:colcon.colcon_core.package_identification:_identify(.) by extension 'ignore_ament_install'
[0.188s] Level 1:colcon.colcon_core.package_identification:_identify(.) by extensions ['colcon_pkg']
[0.188s] Level 1:colcon.colcon_core.package_identification:_identify(.) by extension 'colcon_pkg'
[0.188s] Level 1:colcon.colcon_core.package_identification:_identify(.) by extensions ['colcon_meta']
[0.188s] Level 1:colcon.colcon_core.package_identification:_identify(.) by extension 'colcon_meta'
[0.188s] Level 1:colcon.colcon_core.package_identification:_identify(.) by extensions ['ros']
[0.188s] Level 1:colcon.colcon_core.package_identification:_identify(.) by extension 'ros'
[0.195s] Level 1:colcon.colcon_core.package_identification:_identify(.) by extensions ['cmake', 'python']
[0.195s] Level 1:colcon.colcon_core.package_identification:_identify(.) by extension 'cmake'
[0.195s] Level 1:colcon.colcon_core.package_identification:_identify(.) by extension 'python'
[0.195s] Level 1:colcon.colcon_core.package_identification:_identify(.) by extensions ['python_setup_py']
[0.195s] Level 1:colcon.colcon_core.package_identification:_identify(.) by extension 'python_setup_py'
[0.195s] Level 1:colcon.colcon_core.package_identification:_identify(build) by extensions ['ignore', 'ignore_ament_install']
[0.195s] Level 1:colcon.colcon_core.package_identification:_identify(build) by extension 'ignore'
[0.195s] Level 1:colcon.colcon_core.package_identification:_identify(build) ignored
[0.195s] Level 1:colcon.colcon_core.package_identification:_identify(install) by extensions ['ignore', 'ignore_ament_install']
[0.195s] Level 1:colcon.colcon_core.package_identification:_identify(install) by extension 'ignore'
[0.195s] Level 1:colcon.colcon_core.package_identification:_identify(install) ignored
[0.195s] Level 1:colcon.colcon_core.package_identification:_identify(log) by extensions ['ignore', 'ignore_ament_install']
[0.195s] Level 1:colcon.colcon_core.package_identification:_identify(log) by extension 'ignore'
[0.195s] Level 1:colcon.colcon_core.package_identification:_identify(log) ignored
[0.195s] Level 1:colcon.colcon_core.package_identification:_identify(media) by extensions ['ignore', 'ignore_ament_install']
[0.195s] Level 1:colcon.colcon_core.package_identification:_identify(media) by extension 'ignore'
[0.195s] Level 1:colcon.colcon_core.package_identification:_identify(media) by extension 'ignore_ament_install'
[0.195s] Level 1:colcon.colcon_core.package_identification:_identify(media) by extensions ['colcon_pkg']
[0.195s] Level 1:colcon.colcon_core.package_identification:_identify(media) by extension 'colcon_pkg'
[0.195s] Level 1:colcon.colcon_core.package_identification:_identify(media) by extensions ['colcon_meta']
[0.195s] Level 1:colcon.colcon_core.package_identification:_identify(media) by extension 'colcon_meta'
[0.195s] Level 1:colcon.colcon_core.package_identification:_identify(media) by extensions ['ros']
[0.195s] Level 1:colcon.colcon_core.package_identification:_identify(media) by extension 'ros'
[0.195s] Level 1:colcon.colcon_core.package_identification:_identify(media) by extensions ['cmake', 'python']
[0.195s] Level 1:colcon.colcon_core.package_identification:_identify(media) by extension 'cmake'
[0.195s] Level 1:colcon.colcon_core.package_identification:_identify(media) by extension 'python'
[0.195s] Level 1:colcon.colcon_core.package_identification:_identify(media) by extensions ['python_setup_py']
[0.195s] Level 1:colcon.colcon_core.package_identification:_identify(media) by extension 'python_setup_py'
[0.195s] Level 1:colcon.colcon_core.package_identification:_identify(src) by extensions ['ignore', 'ignore_ament_install']
[0.195s] Level 1:colcon.colcon_core.package_identification:_identify(src) by extension 'ignore'
[0.196s] Level 1:colcon.colcon_core.package_identification:_identify(src) by extension 'ignore_ament_install'
[0.196s] Level 1:colcon.colcon_core.package_identification:_identify(src) by extensions ['colcon_pkg']
[0.196s] Level 1:colcon.colcon_core.package_identification:_identify(src) by extension 'colcon_pkg'
[0.196s] Level 1:colcon.colcon_core.package_identification:_identify(src) by extensions ['colcon_meta']
[0.196s] Level 1:colcon.colcon_core.package_identification:_identify(src) by extension 'colcon_meta'
[0.196s] Level 1:colcon.colcon_core.package_identification:_identify(src) by extensions ['ros']
[0.196s] Level 1:colcon.colcon_core.package_identification:_identify(src) by extension 'ros'
[0.196s] Level 1:colcon.colcon_core.package_identification:_identify(src) by extensions ['cmake', 'python']
[0.196s] Level 1:colcon.colcon_core.package_identification:_identify(src) by extension 'cmake'
[0.196s] Level 1:colcon.colcon_core.package_identification:_identify(src) by extension 'python'
[0.196s] Level 1:colcon.colcon_core.package_identification:_identify(src) by extensions ['python_setup_py']
[0.196s] Level 1:colcon.colcon_core.package_identification:_identify(src) by extension 'python_setup_py'
[0.196s] Level 1:colcon.colcon_core.package_identification:_identify(src/build) by extensions ['ignore', 'ignore_ament_install']
[0.196s] Level 1:colcon.colcon_core.package_identification:_identify(src/build) by extension 'ignore'
[0.196s] Level 1:colcon.colcon_core.package_identification:_identify(src/build) ignored
[0.196s] Level 1:colcon.colcon_core.package_identification:_identify(src/camera_streamer_pkg) by extensions ['ignore', 'ignore_ament_install']
[0.196s] Level 1:colcon.colcon_core.package_identification:_identify(src/camera_streamer_pkg) by extension 'ignore'
[0.196s] Level 1:colcon.colcon_core.package_identification:_identify(src/camera_streamer_pkg) by extension 'ignore_ament_install'
[0.196s] Level 1:colcon.colcon_core.package_identification:_identify(src/camera_streamer_pkg) by extensions ['colcon_pkg']
[0.196s] Level 1:colcon.colcon_core.package_identification:_identify(src/camera_streamer_pkg) by extension 'colcon_pkg'
[0.196s] Level 1:colcon.colcon_core.package_identification:_identify(src/camera_streamer_pkg) by extensions ['colcon_meta']
[0.196s] Level 1:colcon.colcon_core.package_identification:_identify(src/camera_streamer_pkg) by extension 'colcon_meta'
[0.196s] Level 1:colcon.colcon_core.package_identification:_identify(src/camera_streamer_pkg) by extensions ['ros']
[0.196s] Level 1:colcon.colcon_core.package_identification:_identify(src/camera_streamer_pkg) by extension 'ros'
[0.198s] DEBUG:colcon.colcon_core.package_identification:Package 'src/camera_streamer_pkg' with type 'ros.ament_python' and name 'camera_streamer_pkg'
[0.198s] Level 1:colcon.colcon_core.package_identification:_identify(src/coppelia_bridge_pkg) by extensions ['ignore', 'ignore_ament_install']
[0.198s] Level 1:colcon.colcon_core.package_identification:_identify(src/coppelia_bridge_pkg) by extension 'ignore'
[0.198s] Level 1:colcon.colcon_core.package_identification:_identify(src/coppelia_bridge_pkg) by extension 'ignore_ament_install'
[0.198s] Level 1:colcon.colcon_core.package_identification:_identify(src/coppelia_bridge_pkg) by extensions ['colcon_pkg']
[0.198s] Level 1:colcon.colcon_core.package_identification:_identify(src/coppelia_bridge_pkg) by extension 'colcon_pkg'
[0.198s] Level 1:colcon.colcon_core.package_identification:_identify(src/coppelia_bridge_pkg) by extensions ['colcon_meta']
[0.198s] Level 1:colcon.colcon_core.package_identification:_identify(src/coppelia_bridge_pkg) by extension 'colcon_meta'
[0.198s] Level 1:colcon.colcon_core.package_identification:_identify(src/coppelia_bridge_pkg) by extensions ['ros']
[0.198s] Level 1:colcon.colcon_core.package_identification:_identify(src/coppelia_bridge_pkg) by extension 'ros'
[0.198s] DEBUG:colcon.colcon_core.package_identification:Package 'src/coppelia_bridge_pkg' with type 'ros.ament_python' and name 'coppelia_bridge_pkg'
[0.198s] Level 1:colcon.colcon_core.package_identification:_identify(src/install) by extensions ['ignore', 'ignore_ament_install']
[0.198s] Level 1:colcon.colcon_core.package_identification:_identify(src/install) by extension 'ignore'
[0.198s] Level 1:colcon.colcon_core.package_identification:_identify(src/install) ignored
[0.198s] Level 1:colcon.colcon_core.package_identification:_identify(src/log) by extensions ['ignore', 'ignore_ament_install']
[0.198s] Level 1:colcon.colcon_core.package_identification:_identify(src/log) by extension 'ignore'
[0.198s] Level 1:colcon.colcon_core.package_identification:_identify(src/log) ignored
[0.198s] Level 1:colcon.colcon_core.package_identification:_identify(src/robot_controller_pkg) by extensions ['ignore', 'ignore_ament_install']
[0.198s] Level 1:colcon.colcon_core.package_identification:_identify(src/robot_controller_pkg) by extension 'ignore'
[0.198s] Level 1:colcon.colcon_core.package_identification:_identify(src/robot_controller_pkg) by extension 'ignore_ament_install'
[0.198s] Level 1:colcon.colcon_core.package_identification:_identify(src/robot_controller_pkg) by extensions ['colcon_pkg']
[0.199s] Level 1:colcon.colcon_core.package_identification:_identify(src/robot_controller_pkg) by extension 'colcon_pkg'
[0.199s] Level 1:colcon.colcon_core.package_identification:_identify(src/robot_controller_pkg) by extensions ['colcon_meta']
[0.199s] Level 1:colcon.colcon_core.package_identification:_identify(src/robot_controller_pkg) by extension 'colcon_meta'
[0.199s] Level 1:colcon.colcon_core.package_identification:_identify(src/robot_controller_pkg) by extensions ['ros']
[0.199s] Level 1:colcon.colcon_core.package_identification:_identify(src/robot_controller_pkg) by extension 'ros'
[0.199s] DEBUG:colcon.colcon_core.package_identification:Package 'src/robot_controller_pkg' with type 'ros.ament_python' and name 'robot_controller_pkg'
[0.199s] Level 1:colcon.colcon_core.package_discovery:discover_packages(recursive) using defaults
[0.199s] Level 1:colcon.colcon_core.package_discovery:discover_packages(ignore) discover
[0.199s] Level 1:colcon.colcon_core.package_discovery:discover_packages(ignore) using defaults
[0.199s] Level 1:colcon.colcon_core.package_discovery:discover_packages(path) discover
[0.199s] Level 1:colcon.colcon_core.package_discovery:discover_packages(path) using defaults
[0.212s] Level 1:colcon.colcon_core.package_discovery:discover_packages(prefix_path) check parameters
[0.212s] Level 1:colcon.colcon_core.package_discovery:discover_packages(prefix_path) discover
[0.213s] DEBUG:colcon.colcon_installed_package_information.package_discovery:Found 3 installed packages in /home/alfonso/coppelia_vision_act13_ws/install
[0.213s] DEBUG:colcon.colcon_installed_package_information.package_discovery:Found 5 installed packages in /home/alfonso/uros_ws/install
[0.214s] DEBUG:colcon.colcon_installed_package_information.package_discovery:Found 347 installed packages in /opt/ros/humble
[0.215s] Level 1:colcon.colcon_core.package_discovery:discover_packages(prefix_path) using defaults
[0.236s] Level 5:colcon.colcon_core.verb:set package 'camera_streamer_pkg' build argument 'cmake_args' from command line to 'None'
[0.236s] Level 5:colcon.colcon_core.verb:set package 'camera_streamer_pkg' build argument 'cmake_target' from command line to 'None'
[0.236s] Level 5:colcon.colcon_core.verb:set package 'camera_streamer_pkg' build argument 'cmake_target_skip_unavailable' from command line to 'False'
[0.236s] Level 5:colcon.colcon_core.verb:set package 'camera_streamer_pkg' build argument 'cmake_clean_cache' from command line to 'False'
[0.236s] Level 5:colcon.colcon_core.verb:set package 'camera_streamer_pkg' build argument 'cmake_clean_first' from command line to 'False'
[0.236s] Level 5:colcon.colcon_core.verb:set package 'camera_streamer_pkg' build argument 'cmake_force_configure' from command line to 'False'
[0.236s] Level 5:colcon.colcon_core.verb:set package 'camera_streamer_pkg' build argument 'ament_cmake_args' from command line to 'None'
[0.236s] Level 5:colcon.colcon_core.verb:set package 'camera_streamer_pkg' build argument 'catkin_cmake_args' from command line to 'None'
[0.236s] Level 5:colcon.colcon_core.verb:set package 'camera_streamer_pkg' build argument 'catkin_skip_building_tests' from command line to 'False'
[0.236s] DEBUG:colcon.colcon_core.verb:Building package 'camera_streamer_pkg' with the following arguments: {'ament_cmake_args': None, 'build_base': '/home/alfonso/coppelia_vision_act13_ws/build/camera_streamer_pkg', 'catkin_cmake_args': None, 'catkin_skip_building_tests': False, 'cmake_args': None, 'cmake_clean_cache': False, 'cmake_clean_first': False, 'cmake_force_configure': False, 'cmake_target': None, 'cmake_target_skip_unavailable': False, 'install_base': '/home/alfonso/coppelia_vision_act13_ws/install/camera_streamer_pkg', 'merge_install': False, 'path': '/home/alfonso/coppelia_vision_act13_ws/src/camera_streamer_pkg', 'symlink_install': False, 'test_result_base': None}
[0.236s] Level 5:colcon.colcon_core.verb:set package 'coppelia_bridge_pkg' build argument 'cmake_args' from command line to 'None'
[0.236s] Level 5:colcon.colcon_core.verb:set package 'coppelia_bridge_pkg' build argument 'cmake_target' from command line to 'None'
[0.236s] Level 5:colcon.colcon_core.verb:set package 'coppelia_bridge_pkg' build argument 'cmake_target_skip_unavailable' from command line to 'False'
[0.236s] Level 5:colcon.colcon_core.verb:set package 'coppelia_bridge_pkg' build argument 'cmake_clean_cache' from command line to 'False'
[0.236s] Level 5:colcon.colcon_core.verb:set package 'coppelia_bridge_pkg' build argument 'cmake_clean_first' from command line to 'False'
[0.236s] Level 5:colcon.colcon_core.verb:set package 'coppelia_bridge_pkg' build argument 'cmake_force_configure' from command line to 'False'
[0.236s] Level 5:colcon.colcon_core.verb:set package 'coppelia_bridge_pkg' build argument 'ament_cmake_args' from command line to 'None'
[0.236s] Level 5:colcon.colcon_core.verb:set package 'coppelia_bridge_pkg' build argument 'catkin_cmake_args' from command line to 'None'
[0.236s] Level 5:colcon.colcon_core.verb:set package 'coppelia_bridge_pkg' build argument 'catkin_skip_building_tests' from command line to 'False'
[0.236s] DEBUG:colcon.colcon_core.verb:Building package 'coppelia_bridge_pkg' with the following arguments: {'ament_cmake_args': None, 'build_base': '/home/alfonso/coppelia_vision_act13_ws/build/coppelia_bridge_pkg', 'catkin_cmake_args': None, 'catkin_skip_building_tests': False, 'cmake_args': None, 'cmake_clean_cache': False, 'cmake_clean_first': False, 'cmake_force_configure': False, 'cmake_target': None, 'cmake_target_skip_unavailable': False, 'install_base': '/home/alfonso/coppelia_vision_act13_ws/install/coppelia_bridge_pkg', 'merge_install': False, 'path': '/home/alfonso/coppelia_vision_act13_ws/src/coppelia_bridge_pkg', 'symlink_install': False, 'test_result_base': None}
[0.236s] Level 5:colcon.colcon_core.verb:set package 'robot_controller_pkg' build argument 'cmake_args' from command line to 'None'
[0.236s] Level 5:colcon.colcon_core.verb:set package 'robot_controller_pkg' build argument 'cmake_target' from command line to 'None'
[0.236s] Level 5:colcon.colcon_core.verb:set package 'robot_controller_pkg' build argument 'cmake_target_skip_unavailable' from command line to 'False'
[0.236s] Level 5:colcon.colcon_core.verb:set package 'robot_controller_pkg' build argument 'cmake_clean_cache' from command line to 'False'
[0.236s] Level 5:colcon.colcon_core.verb:set package 'robot_controller_pkg' build argument 'cmake_clean_first' from command line to 'False'
[0.236s] Level 5:colcon.colcon_core.verb:set package 'robot_controller_pkg' build argument 'cmake_force_configure' from command line to 'False'
[0.236s] Level 5:colcon.colcon_core.verb:set package 'robot_controller_pkg' build argument 'ament_cmake_args' from command line to 'None'
[0.236s] Level 5:colcon.colcon_core.verb:set package 'robot_controller_pkg' build argument 'catkin_cmake_args' from command line to 'None'
[0.236s] Level 5:colcon.colcon_core.verb:set package 'robot_controller_pkg' build argument 'catkin_skip_building_tests' from command line to 'False'
[0.236s] DEBUG:colcon.colcon_core.verb:Building package 'robot_controller_pkg' with the following arguments: {'ament_cmake_args': None, 'build_base': '/home/alfonso/coppelia_vision_act13_ws/build/robot_controller_pkg', 'catkin_cmake_args': None, 'catkin_skip_building_tests': False, 'cmake_args': None, 'cmake_clean_cache': False, 'cmake_clean_first': False, 'cmake_force_configure': False, 'cmake_target': None, 'cmake_target_skip_unavailable': False, 'install_base': '/home/alfonso/coppelia_vision_act13_ws/install/robot_controller_pkg', 'merge_install': False, 'path': '/home/alfonso/coppelia_vision_act13_ws/src/robot_controller_pkg', 'symlink_install': False, 'test_result_base': None}
[0.236s] INFO:colcon.colcon_core.executor:Executing jobs using 'parallel' executor
[0.237s] DEBUG:colcon.colcon_parallel_executor.executor.parallel:run_until_complete
[0.237s] INFO:colcon.colcon_ros.task.ament_python.build:Building ROS package in '/home/alfonso/coppelia_vision_act13_ws/src/camera_streamer_pkg' with build type 'ament_python'
[0.237s] Level 1:colcon.colcon_core.shell:create_environment_hook('camera_streamer_pkg', 'ament_prefix_path')
[0.239s] INFO:colcon.colcon_core.plugin_system:Skipping extension 'colcon_core.shell.bat': Not used on non-Windows systems
[0.239s] INFO:colcon.colcon_core.shell:Creating environment hook '/home/alfonso/coppelia_vision_act13_ws/install/camera_streamer_pkg/share/camera_streamer_pkg/hook/ament_prefix_path.ps1'
[0.239s] INFO:colcon.colcon_core.shell:Creating environment descriptor '/home/alfonso/coppelia_vision_act13_ws/install/camera_streamer_pkg/share/camera_streamer_pkg/hook/ament_prefix_path.dsv'
[0.239s] INFO:colcon.colcon_core.shell:Creating environment hook '/home/alfonso/coppelia_vision_act13_ws/install/camera_streamer_pkg/share/camera_streamer_pkg/hook/ament_prefix_path.sh'
[0.240s] INFO:colcon.colcon_core.shell:Skip shell extension 'powershell' for command environment: Not usable outside of PowerShell
[0.240s] DEBUG:colcon.colcon_core.shell:Skip shell extension 'dsv' for command environment
[0.242s] INFO:colcon.colcon_ros.task.ament_python.build:Building ROS package in '/home/alfonso/coppelia_vision_act13_ws/src/coppelia_bridge_pkg' with build type 'ament_python'
[0.242s] Level 1:colcon.colcon_core.shell:create_environment_hook('coppelia_bridge_pkg', 'ament_prefix_path')
[0.242s] INFO:colcon.colcon_core.shell:Creating environment hook '/home/alfonso/coppelia_vision_act13_ws/install/coppelia_bridge_pkg/share/coppelia_bridge_pkg/hook/ament_prefix_path.ps1'
[0.242s] INFO:colcon.colcon_core.shell:Creating environment descriptor '/home/alfonso/coppelia_vision_act13_ws/install/coppelia_bridge_pkg/share/coppelia_bridge_pkg/hook/ament_prefix_path.dsv'
[0.243s] INFO:colcon.colcon_core.shell:Creating environment hook '/home/alfonso/coppelia_vision_act13_ws/install/coppelia_bridge_pkg/share/coppelia_bridge_pkg/hook/ament_prefix_path.sh'
[0.243s] INFO:colcon.colcon_core.shell:Skip shell extension 'powershell' for command environment: Not usable outside of PowerShell
[0.243s] DEBUG:colcon.colcon_core.shell:Skip shell extension 'dsv' for command environment
[0.246s] INFO:colcon.colcon_ros.task.ament_python.build:Building ROS package in '/home/alfonso/coppelia_vision_act13_ws/src/robot_controller_pkg' with build type 'ament_python'
[0.246s] Level 1:colcon.colcon_core.shell:create_environment_hook('robot_controller_pkg', 'ament_prefix_path')
[0.246s] INFO:colcon.colcon_core.shell:Creating environment hook '/home/alfonso/coppelia_vision_act13_ws/install/robot_controller_pkg/share/robot_controller_pkg/hook/ament_prefix_path.ps1'
[0.246s] INFO:colcon.colcon_core.shell:Creating environment descriptor '/home/alfonso/coppelia_vision_act13_ws/install/robot_controller_pkg/share/robot_controller_pkg/hook/ament_prefix_path.dsv'
[0.247s] INFO:colcon.colcon_core.shell:Creating environment hook '/home/alfonso/coppelia_vision_act13_ws/install/robot_controller_pkg/share/robot_controller_pkg/hook/ament_prefix_path.sh'
[0.247s] INFO:colcon.colcon_core.shell:Skip shell extension 'powershell' for command environment: Not usable outside of PowerShell
[0.247s] DEBUG:colcon.colcon_core.shell:Skip shell extension 'dsv' for command environment
[0.437s] INFO:colcon.colcon_core.task.python.build:Building Python package in '/home/alfonso/coppelia_vision_act13_ws/src/camera_streamer_pkg'
[0.437s] INFO:colcon.colcon_core.shell:Skip shell extension 'powershell' for command environment: Not usable outside of PowerShell
[0.437s] DEBUG:colcon.colcon_core.shell:Skip shell extension 'dsv' for command environment
[0.616s] INFO:colcon.colcon_core.task.python.build:Building Python package in '/home/alfonso/coppelia_vision_act13_ws/src/coppelia_bridge_pkg'
[0.616s] INFO:colcon.colcon_core.shell:Skip shell extension 'powershell' for command environment: Not usable outside of PowerShell
[0.616s] DEBUG:colcon.colcon_core.shell:Skip shell extension 'dsv' for command environment
[0.801s] INFO:colcon.colcon_core.task.python.build:Building Python package in '/home/alfonso/coppelia_vision_act13_ws/src/robot_controller_pkg'
[0.802s] INFO:colcon.colcon_core.shell:Skip shell extension 'powershell' for command environment: Not usable outside of PowerShell
[0.802s] DEBUG:colcon.colcon_core.shell:Skip shell extension 'dsv' for command environment
[1.083s] DEBUG:colcon.colcon_core.event_handler.log_command:Invoking command in '/home/alfonso/coppelia_vision_act13_ws/src/robot_controller_pkg': PYTHONPATH=/home/alfonso/coppelia_vision_act13_ws/build/robot_controller_pkg/prefix_override:/usr/lib/python3/dist-packages/colcon_core/task/python/colcon_distutils_commands:/home/alfonso/coppelia_vision_act13_ws/install/robot_controller_pkg/lib/python3.10/site-packages:${PYTHONPATH} /usr/bin/python3 -W ignore:setup.py install is deprecated -W ignore:easy_install command is deprecated setup.py egg_info --egg-base ../../build/robot_controller_pkg build --build-base /home/alfonso/coppelia_vision_act13_ws/build/robot_controller_pkg/build install --record /home/alfonso/coppelia_vision_act13_ws/build/robot_controller_pkg/install.log --single-version-externally-managed install_data
[1.086s] DEBUG:colcon.colcon_core.event_handler.log_command:Invoking command in '/home/alfonso/coppelia_vision_act13_ws/src/camera_streamer_pkg': PYTHONPATH=/home/alfonso/coppelia_vision_act13_ws/build/camera_streamer_pkg/prefix_override:/usr/lib/python3/dist-packages/colcon_core/task/python/colcon_distutils_commands:/home/alfonso/coppelia_vision_act13_ws/install/camera_streamer_pkg/lib/python3.10/site-packages:${PYTHONPATH} /usr/bin/python3 -W ignore:setup.py install is deprecated -W ignore:easy_install command is deprecated setup.py egg_info --egg-base ../../build/camera_streamer_pkg build --build-base /home/alfonso/coppelia_vision_act13_ws/build/camera_streamer_pkg/build install --record /home/alfonso/coppelia_vision_act13_ws/build/camera_streamer_pkg/install.log --single-version-externally-managed install_data
[1.093s] DEBUG:colcon.colcon_core.event_handler.log_command:Invoking command in '/home/alfonso/coppelia_vision_act13_ws/src/coppelia_bridge_pkg': PYTHONPATH=/home/alfonso/coppelia_vision_act13_ws/build/coppelia_bridge_pkg/prefix_override:/usr/lib/python3/dist-packages/colcon_core/task/python/colcon_distutils_commands:/home/alfonso/coppelia_vision_act13_ws/install/coppelia_bridge_pkg/lib/python3.10/site-packages:${PYTHONPATH} /usr/bin/python3 -W ignore:setup.py install is deprecated -W ignore:easy_install command is deprecated setup.py egg_info --egg-base ../../build/coppelia_bridge_pkg build --build-base /home/alfonso/coppelia_vision_act13_ws/build/coppelia_bridge_pkg/build install --record /home/alfonso/coppelia_vision_act13_ws/build/coppelia_bridge_pkg/install.log --single-version-externally-managed install_data
[1.295s] DEBUG:colcon.colcon_core.event_handler.log_command:Invoked command in '/home/alfonso/coppelia_vision_act13_ws/src/camera_streamer_pkg' returned '0': PYTHONPATH=/home/alfonso/coppelia_vision_act13_ws/build/camera_streamer_pkg/prefix_override:/usr/lib/python3/dist-packages/colcon_core/task/python/colcon_distutils_commands:/home/alfonso/coppelia_vision_act13_ws/install/camera_streamer_pkg/lib/python3.10/site-packages:${PYTHONPATH} /usr/bin/python3 -W ignore:setup.py install is deprecated -W ignore:easy_install command is deprecated setup.py egg_info --egg-base ../../build/camera_streamer_pkg build --build-base /home/alfonso/coppelia_vision_act13_ws/build/camera_streamer_pkg/build install --record /home/alfonso/coppelia_vision_act13_ws/build/camera_streamer_pkg/install.log --single-version-externally-managed install_data
[1.296s] Level 1:colcon.colcon_core.environment:checking '/home/alfonso/coppelia_vision_act13_ws/install/camera_streamer_pkg' for CMake module files
[1.296s] Level 1:colcon.colcon_core.environment:checking '/home/alfonso/coppelia_vision_act13_ws/install/camera_streamer_pkg' for CMake config files
[1.297s] Level 1:colcon.colcon_core.environment:checking '/home/alfonso/coppelia_vision_act13_ws/install/camera_streamer_pkg/lib'
[1.297s] Level 1:colcon.colcon_core.environment:checking '/home/alfonso/coppelia_vision_act13_ws/install/camera_streamer_pkg/bin'
[1.297s] Level 1:colcon.colcon_core.environment:checking '/home/alfonso/coppelia_vision_act13_ws/install/camera_streamer_pkg/lib/pkgconfig/camera_streamer_pkg.pc'
[1.297s] Level 1:colcon.colcon_core.environment:checking '/home/alfonso/coppelia_vision_act13_ws/install/camera_streamer_pkg/lib/python3.10/site-packages'
[1.297s] Level 1:colcon.colcon_core.shell:create_environment_hook('camera_streamer_pkg', 'pythonpath')
[1.298s] INFO:colcon.colcon_core.shell:Creating environment hook '/home/alfonso/coppelia_vision_act13_ws/install/camera_streamer_pkg/share/camera_streamer_pkg/hook/pythonpath.ps1'
[1.298s] INFO:colcon.colcon_core.shell:Creating environment descriptor '/home/alfonso/coppelia_vision_act13_ws/install/camera_streamer_pkg/share/camera_streamer_pkg/hook/pythonpath.dsv'
[1.298s] INFO:colcon.colcon_core.shell:Creating environment hook '/home/alfonso/coppelia_vision_act13_ws/install/camera_streamer_pkg/share/camera_streamer_pkg/hook/pythonpath.sh'
[1.299s] Level 1:colcon.colcon_core.environment:checking '/home/alfonso/coppelia_vision_act13_ws/install/camera_streamer_pkg/bin'
[1.299s] Level 1:colcon.colcon_core.environment:create_environment_scripts_only(camera_streamer_pkg)
[1.299s] INFO:colcon.colcon_core.shell:Creating package script '/home/alfonso/coppelia_vision_act13_ws/install/camera_streamer_pkg/share/camera_streamer_pkg/package.ps1'
[1.299s] INFO:colcon.colcon_core.shell:Creating package descriptor '/home/alfonso/coppelia_vision_act13_ws/install/camera_streamer_pkg/share/camera_streamer_pkg/package.dsv'
[1.300s] INFO:colcon.colcon_core.shell:Creating package script '/home/alfonso/coppelia_vision_act13_ws/install/camera_streamer_pkg/share/camera_streamer_pkg/package.sh'
[1.300s] INFO:colcon.colcon_core.shell:Creating package script '/home/alfonso/coppelia_vision_act13_ws/install/camera_streamer_pkg/share/camera_streamer_pkg/package.bash'
[1.301s] INFO:colcon.colcon_core.shell:Creating package script '/home/alfonso/coppelia_vision_act13_ws/install/camera_streamer_pkg/share/camera_streamer_pkg/package.zsh'
[1.301s] Level 1:colcon.colcon_core.environment:create_file_with_runtime_dependencies(/home/alfonso/coppelia_vision_act13_ws/install/camera_streamer_pkg/share/colcon-core/packages/camera_streamer_pkg)
[1.305s] Level 1:colcon.colcon_core.environment:checking '/home/alfonso/coppelia_vision_act13_ws/install/robot_controller_pkg' for CMake module files
[1.305s] DEBUG:colcon.colcon_core.event_handler.log_command:Invoked command in '/home/alfonso/coppelia_vision_act13_ws/src/robot_controller_pkg' returned '0': PYTHONPATH=/home/alfonso/coppelia_vision_act13_ws/build/robot_controller_pkg/prefix_override:/usr/lib/python3/dist-packages/colcon_core/task/python/colcon_distutils_commands:/home/alfonso/coppelia_vision_act13_ws/install/robot_controller_pkg/lib/python3.10/site-packages:${PYTHONPATH} /usr/bin/python3 -W ignore:setup.py install is deprecated -W ignore:easy_install command is deprecated setup.py egg_info --egg-base ../../build/robot_controller_pkg build --build-base /home/alfonso/coppelia_vision_act13_ws/build/robot_controller_pkg/build install --record /home/alfonso/coppelia_vision_act13_ws/build/robot_controller_pkg/install.log --single-version-externally-managed install_data
[1.305s] Level 1:colcon.colcon_core.environment:checking '/home/alfonso/coppelia_vision_act13_ws/install/robot_controller_pkg' for CMake config files
[1.306s] Level 1:colcon.colcon_core.environment:checking '/home/alfonso/coppelia_vision_act13_ws/install/robot_controller_pkg/lib'
[1.306s] Level 1:colcon.colcon_core.environment:checking '/home/alfonso/coppelia_vision_act13_ws/install/robot_controller_pkg/bin'
[1.306s] Level 1:colcon.colcon_core.environment:checking '/home/alfonso/coppelia_vision_act13_ws/install/robot_controller_pkg/lib/pkgconfig/robot_controller_pkg.pc'
[1.306s] Level 1:colcon.colcon_core.environment:checking '/home/alfonso/coppelia_vision_act13_ws/install/robot_controller_pkg/lib/python3.10/site-packages'
[1.306s] Level 1:colcon.colcon_core.shell:create_environment_hook('robot_controller_pkg', 'pythonpath')
[1.306s] INFO:colcon.colcon_core.shell:Creating environment hook '/home/alfonso/coppelia_vision_act13_ws/install/robot_controller_pkg/share/robot_controller_pkg/hook/pythonpath.ps1'
[1.307s] INFO:colcon.colcon_core.shell:Creating environment descriptor '/home/alfonso/coppelia_vision_act13_ws/install/robot_controller_pkg/share/robot_controller_pkg/hook/pythonpath.dsv'
[1.307s] INFO:colcon.colcon_core.shell:Creating environment hook '/home/alfonso/coppelia_vision_act13_ws/install/robot_controller_pkg/share/robot_controller_pkg/hook/pythonpath.sh'
[1.307s] Level 1:colcon.colcon_core.environment:checking '/home/alfonso/coppelia_vision_act13_ws/install/robot_controller_pkg/bin'
[1.307s] Level 1:colcon.colcon_core.environment:create_environment_scripts_only(robot_controller_pkg)
[1.308s] INFO:colcon.colcon_core.shell:Creating package script '/home/alfonso/coppelia_vision_act13_ws/install/robot_controller_pkg/share/robot_controller_pkg/package.ps1'
[1.308s] INFO:colcon.colcon_core.shell:Creating package descriptor '/home/alfonso/coppelia_vision_act13_ws/install/robot_controller_pkg/share/robot_controller_pkg/package.dsv'
[1.308s] INFO:colcon.colcon_core.shell:Creating package script '/home/alfonso/coppelia_vision_act13_ws/install/robot_controller_pkg/share/robot_controller_pkg/package.sh'
[1.308s] INFO:colcon.colcon_core.shell:Creating package script '/home/alfonso/coppelia_vision_act13_ws/install/robot_controller_pkg/share/robot_controller_pkg/package.bash'
[1.309s] INFO:colcon.colcon_core.shell:Creating package script '/home/alfonso/coppelia_vision_act13_ws/install/robot_controller_pkg/share/robot_controller_pkg/package.zsh'
[1.309s] Level 1:colcon.colcon_core.environment:create_file_with_runtime_dependencies(/home/alfonso/coppelia_vision_act13_ws/install/robot_controller_pkg/share/colcon-core/packages/robot_controller_pkg)
[1.311s] Level 1:colcon.colcon_core.environment:checking '/home/alfonso/coppelia_vision_act13_ws/install/coppelia_bridge_pkg' for CMake module files
[1.312s] DEBUG:colcon.colcon_core.event_handler.log_command:Invoked command in '/home/alfonso/coppelia_vision_act13_ws/src/coppelia_bridge_pkg' returned '0': PYTHONPATH=/home/alfonso/coppelia_vision_act13_ws/build/coppelia_bridge_pkg/prefix_override:/usr/lib/python3/dist-packages/colcon_core/task/python/colcon_distutils_commands:/home/alfonso/coppelia_vision_act13_ws/install/coppelia_bridge_pkg/lib/python3.10/site-packages:${PYTHONPATH} /usr/bin/python3 -W ignore:setup.py install is deprecated -W ignore:easy_install command is deprecated setup.py egg_info --egg-base ../../build/coppelia_bridge_pkg build --build-base /home/alfonso/coppelia_vision_act13_ws/build/coppelia_bridge_pkg/build install --record /home/alfonso/coppelia_vision_act13_ws/build/coppelia_bridge_pkg/install.log --single-version-externally-managed install_data
[1.312s] Level 1:colcon.colcon_core.environment:checking '/home/alfonso/coppelia_vision_act13_ws/install/coppelia_bridge_pkg' for CMake config files
[1.312s] Level 1:colcon.colcon_core.environment:checking '/home/alfonso/coppelia_vision_act13_ws/install/coppelia_bridge_pkg/lib'
[1.312s] Level 1:colcon.colcon_core.environment:checking '/home/alfonso/coppelia_vision_act13_ws/install/coppelia_bridge_pkg/bin'
[1.312s] Level 1:colcon.colcon_core.environment:checking '/home/alfonso/coppelia_vision_act13_ws/install/coppelia_bridge_pkg/lib/pkgconfig/coppelia_bridge_pkg.pc'
[1.313s] Level 1:colcon.colcon_core.environment:checking '/home/alfonso/coppelia_vision_act13_ws/install/coppelia_bridge_pkg/lib/python3.10/site-packages'
[1.313s] Level 1:colcon.colcon_core.shell:create_environment_hook('coppelia_bridge_pkg', 'pythonpath')
[1.313s] INFO:colcon.colcon_core.shell:Creating environment hook '/home/alfonso/coppelia_vision_act13_ws/install/coppelia_bridge_pkg/share/coppelia_bridge_pkg/hook/pythonpath.ps1'
[1.313s] INFO:colcon.colcon_core.shell:Creating environment descriptor '/home/alfonso/coppelia_vision_act13_ws/install/coppelia_bridge_pkg/share/coppelia_bridge_pkg/hook/pythonpath.dsv'
[1.314s] INFO:colcon.colcon_core.shell:Creating environment hook '/home/alfonso/coppelia_vision_act13_ws/install/coppelia_bridge_pkg/share/coppelia_bridge_pkg/hook/pythonpath.sh'
[1.314s] Level 1:colcon.colcon_core.environment:checking '/home/alfonso/coppelia_vision_act13_ws/install/coppelia_bridge_pkg/bin'
[1.314s] Level 1:colcon.colcon_core.environment:create_environment_scripts_only(coppelia_bridge_pkg)
[1.314s] INFO:colcon.colcon_core.shell:Creating package script '/home/alfonso/coppelia_vision_act13_ws/install/coppelia_bridge_pkg/share/coppelia_bridge_pkg/package.ps1'
[1.315s] INFO:colcon.colcon_core.shell:Creating package descriptor '/home/alfonso/coppelia_vision_act13_ws/install/coppelia_bridge_pkg/share/coppelia_bridge_pkg/package.dsv'
[1.315s] INFO:colcon.colcon_core.shell:Creating package script '/home/alfonso/coppelia_vision_act13_ws/install/coppelia_bridge_pkg/share/coppelia_bridge_pkg/package.sh'
[1.316s] INFO:colcon.colcon_core.shell:Creating package script '/home/alfonso/coppelia_vision_act13_ws/install/coppelia_bridge_pkg/share/coppelia_bridge_pkg/package.bash'
[1.316s] INFO:colcon.colcon_core.shell:Creating package script '/home/alfonso/coppelia_vision_act13_ws/install/coppelia_bridge_pkg/share/coppelia_bridge_pkg/package.zsh'
[1.317s] Level 1:colcon.colcon_core.environment:create_file_with_runtime_dependencies(/home/alfonso/coppelia_vision_act13_ws/install/coppelia_bridge_pkg/share/colcon-core/packages/coppelia_bridge_pkg)
[1.317s] DEBUG:colcon.colcon_parallel_executor.executor.parallel:closing loop
[1.317s] DEBUG:colcon.colcon_parallel_executor.executor.parallel:loop closed
[1.317s] DEBUG:colcon.colcon_parallel_executor.executor.parallel:run_until_complete finished with '0'
[1.317s] DEBUG:colcon.colcon_core.event_reactor:joining thread
[1.322s] INFO:colcon.colcon_core.plugin_system:Skipping extension 'colcon_notification.desktop_notification.terminal_notifier': Not used on non-Darwin systems
[1.322s] INFO:colcon.colcon_core.plugin_system:Skipping extension 'colcon_notification.desktop_notification.win32': Not used on non-Windows systems
[1.322s] INFO:colcon.colcon_notification.desktop_notification:Sending desktop notification using 'notify2'
[1.332s] DEBUG:colcon.colcon_core.event_reactor:joined thread
[1.332s] INFO:colcon.colcon_core.shell:Creating prefix script '/home/alfonso/coppelia_vision_act13_ws/install/local_setup.ps1'
[1.333s] INFO:colcon.colcon_core.shell:Creating prefix util module '/home/alfonso/coppelia_vision_act13_ws/install/_local_setup_util_ps1.py'
[1.333s] INFO:colcon.colcon_core.shell:Creating prefix chain script '/home/alfonso/coppelia_vision_act13_ws/install/setup.ps1'
[1.334s] INFO:colcon.colcon_core.shell:Creating prefix script '/home/alfonso/coppelia_vision_act13_ws/install/local_setup.sh'
[1.334s] INFO:colcon.colcon_core.shell:Creating prefix util module '/home/alfonso/coppelia_vision_act13_ws/install/_local_setup_util_sh.py'
[1.335s] INFO:colcon.colcon_core.shell:Creating prefix chain script '/home/alfonso/coppelia_vision_act13_ws/install/setup.sh'
[1.336s] INFO:colcon.colcon_core.shell:Creating prefix script '/home/alfonso/coppelia_vision_act13_ws/install/local_setup.bash'
[1.336s] INFO:colcon.colcon_core.shell:Creating prefix chain script '/home/alfonso/coppelia_vision_act13_ws/install/setup.bash'
[1.336s] INFO:colcon.colcon_core.shell:Creating prefix script '/home/alfonso/coppelia_vision_act13_ws/install/local_setup.zsh'
[1.337s] INFO:colcon.colcon_core.shell:Creating prefix chain script '/home/alfonso/coppelia_vision_act13_ws/install/setup.zsh'
