running egg_info
writing ../../build/robot_controller_pkg/robot_controller_pkg.egg-info/PKG-INFO
writing dependency_links to ../../build/robot_controller_pkg/robot_controller_pkg.egg-info/dependency_links.txt
writing entry points to ../../build/robot_controller_pkg/robot_controller_pkg.egg-info/entry_points.txt
writing requirements to ../../build/robot_controller_pkg/robot_controller_pkg.egg-info/requires.txt
writing top-level names to ../../build/robot_controller_pkg/robot_controller_pkg.egg-info/top_level.txt
reading manifest file '../../build/robot_controller_pkg/robot_controller_pkg.egg-info/SOURCES.txt'
writing manifest file '../../build/robot_controller_pkg/robot_controller_pkg.egg-info/SOURCES.txt'
running build
running build_py
copying robot_controller_pkg/node_robot_controller.py -> /home/alfonso/coppelia_vision_act13_ws/build/robot_controller_pkg/build/lib/robot_controller_pkg
copying robot_controller_pkg/node_visual_servoing_controller.py -> /home/alfonso/coppelia_vision_act13_ws/build/robot_controller_pkg/build/lib/robot_controller_pkg
running install
running install_lib
copying /home/alfonso/coppelia_vision_act13_ws/build/robot_controller_pkg/build/lib/robot_controller_pkg/node_robot_controller.py -> /home/alfonso/coppelia_vision_act13_ws/install/robot_controller_pkg/lib/python3.10/site-packages/robot_controller_pkg
copying /home/alfonso/coppelia_vision_act13_ws/build/robot_controller_pkg/build/lib/robot_controller_pkg/node_visual_servoing_controller.py -> /home/alfonso/coppelia_vision_act13_ws/install/robot_controller_pkg/lib/python3.10/site-packages/robot_controller_pkg
byte-compiling /home/alfonso/coppelia_vision_act13_ws/install/robot_controller_pkg/lib/python3.10/site-packages/robot_controller_pkg/node_robot_controller.py to node_robot_controller.cpython-310.pyc
byte-compiling /home/alfonso/coppelia_vision_act13_ws/install/robot_controller_pkg/lib/python3.10/site-packages/robot_controller_pkg/node_visual_servoing_controller.py to node_visual_servoing_controller.cpython-310.pyc
running install_data
running install_egg_info
removing '/home/alfonso/coppelia_vision_act13_ws/install/robot_controller_pkg/lib/python3.10/site-packages/robot_controller_pkg-0.0.0-py3.10.egg-info' (and everything under it)
Copying ../../build/robot_controller_pkg/robot_controller_pkg.egg-info to /home/alfonso/coppelia_vision_act13_ws/install/robot_controller_pkg/lib/python3.10/site-packages/robot_controller_pkg-0.0.0-py3.10.egg-info
running install_scripts
Installing node_move_sphere script to /home/alfonso/coppelia_vision_act13_ws/install/robot_controller_pkg/lib/robot_controller_pkg
Installing node_robot_controller script to /home/alfonso/coppelia_vision_act13_ws/install/robot_controller_pkg/lib/robot_controller_pkg
Installing node_trajectory_controller script to /home/alfonso/coppelia_vision_act13_ws/install/robot_controller_pkg/lib/robot_controller_pkg
Installing node_visual_servoing_controller script to /home/alfonso/coppelia_vision_act13_ws/install/robot_controller_pkg/lib/robot_controller_pkg
writing list of installed files to '/home/alfonso/coppelia_vision_act13_ws/build/robot_controller_pkg/install.log'
