[0.958s] Invoking command in '/home/alfonso/coppelia_vision_act13_ws/src/coppelia_bridge_pkg': PYTHONPATH=/home/alfonso/coppelia_vision_act13_ws/build/coppelia_bridge_pkg/prefix_override:/usr/lib/python3/dist-packages/colcon_core/task/python/colcon_distutils_commands:/home/alfonso/coppelia_vision_act13_ws/install/coppelia_bridge_pkg/lib/python3.10/site-packages:${PYTHONPATH} /usr/bin/python3 -W ignore:setup.py install is deprecated -W ignore:easy_install command is deprecated setup.py egg_info --egg-base ../../build/coppelia_bridge_pkg build --build-base /home/alfonso/coppelia_vision_act13_ws/build/coppelia_bridge_pkg/build install --record /home/alfonso/coppelia_vision_act13_ws/build/coppelia_bridge_pkg/install.log --single-version-externally-managed install_data
[1.124s] running egg_info
[1.124s] creating ../../build/coppelia_bridge_pkg/coppelia_bridge_pkg.egg-info
[1.124s] writing ../../build/coppelia_bridge_pkg/coppelia_bridge_pkg.egg-info/PKG-INFO
[1.125s] writing dependency_links to ../../build/coppelia_bridge_pkg/coppelia_bridge_pkg.egg-info/dependency_links.txt
[1.125s] writing entry points to ../../build/coppelia_bridge_pkg/coppelia_bridge_pkg.egg-info/entry_points.txt
[1.125s] writing requirements to ../../build/coppelia_bridge_pkg/coppelia_bridge_pkg.egg-info/requires.txt
[1.125s] writing top-level names to ../../build/coppelia_bridge_pkg/coppelia_bridge_pkg.egg-info/top_level.txt
[1.125s] writing manifest file '../../build/coppelia_bridge_pkg/coppelia_bridge_pkg.egg-info/SOURCES.txt'
[1.126s] reading manifest file '../../build/coppelia_bridge_pkg/coppelia_bridge_pkg.egg-info/SOURCES.txt'
[1.126s] writing manifest file '../../build/coppelia_bridge_pkg/coppelia_bridge_pkg.egg-info/SOURCES.txt'
[1.126s] running build
[1.126s] running build_py
[1.126s] creating /home/alfonso/coppelia_vision_act13_ws/build/coppelia_bridge_pkg/build
[1.126s] creating /home/alfonso/coppelia_vision_act13_ws/build/coppelia_bridge_pkg/build/lib
[1.127s] creating /home/alfonso/coppelia_vision_act13_ws/build/coppelia_bridge_pkg/build/lib/coppelia_bridge_pkg
[1.127s] copying coppelia_bridge_pkg/__init__.py -> /home/alfonso/coppelia_vision_act13_ws/build/coppelia_bridge_pkg/build/lib/coppelia_bridge_pkg
[1.127s] copying coppelia_bridge_pkg/image_streamer.py -> /home/alfonso/coppelia_vision_act13_ws/build/coppelia_bridge_pkg/build/lib/coppelia_bridge_pkg
[1.127s] running install
[1.128s] running install_lib
[1.129s] creating /home/alfonso/coppelia_vision_act13_ws/install/coppelia_bridge_pkg/lib/python3.10/site-packages/coppelia_bridge_pkg
[1.129s] copying /home/alfonso/coppelia_vision_act13_ws/build/coppelia_bridge_pkg/build/lib/coppelia_bridge_pkg/__init__.py -> /home/alfonso/coppelia_vision_act13_ws/install/coppelia_bridge_pkg/lib/python3.10/site-packages/coppelia_bridge_pkg
[1.129s] copying /home/alfonso/coppelia_vision_act13_ws/build/coppelia_bridge_pkg/build/lib/coppelia_bridge_pkg/image_streamer.py -> /home/alfonso/coppelia_vision_act13_ws/install/coppelia_bridge_pkg/lib/python3.10/site-packages/coppelia_bridge_pkg
[1.129s] byte-compiling /home/alfonso/coppelia_vision_act13_ws/install/coppelia_bridge_pkg/lib/python3.10/site-packages/coppelia_bridge_pkg/__init__.py to __init__.cpython-310.pyc
[1.130s] byte-compiling /home/alfonso/coppelia_vision_act13_ws/install/coppelia_bridge_pkg/lib/python3.10/site-packages/coppelia_bridge_pkg/image_streamer.py to image_streamer.cpython-310.pyc
[1.130s] running install_data
[1.130s] creating /home/alfonso/coppelia_vision_act13_ws/install/coppelia_bridge_pkg/share/ament_index
[1.130s] creating /home/alfonso/coppelia_vision_act13_ws/install/coppelia_bridge_pkg/share/ament_index/resource_index
[1.130s] creating /home/alfonso/coppelia_vision_act13_ws/install/coppelia_bridge_pkg/share/ament_index/resource_index/packages
[1.130s] copying resource/coppelia_bridge_pkg -> /home/alfonso/coppelia_vision_act13_ws/install/coppelia_bridge_pkg/share/ament_index/resource_index/packages
[1.130s] copying package.xml -> /home/alfonso/coppelia_vision_act13_ws/install/coppelia_bridge_pkg/share/coppelia_bridge_pkg
[1.130s] running install_egg_info
[1.132s] Copying ../../build/coppelia_bridge_pkg/coppelia_bridge_pkg.egg-info to /home/alfonso/coppelia_vision_act13_ws/install/coppelia_bridge_pkg/lib/python3.10/site-packages/coppelia_bridge_pkg-0.0.0-py3.10.egg-info
[1.132s] running install_scripts
[1.143s] Installing image_streamer script to /home/alfonso/coppelia_vision_act13_ws/install/coppelia_bridge_pkg/lib/coppelia_bridge_pkg
[1.143s] writing list of installed files to '/home/alfonso/coppelia_vision_act13_ws/build/coppelia_bridge_pkg/install.log'
[1.166s] Invoked command in '/home/alfonso/coppelia_vision_act13_ws/src/coppelia_bridge_pkg' returned '0': PYTHONPATH=/home/alfonso/coppelia_vision_act13_ws/build/coppelia_bridge_pkg/prefix_override:/usr/lib/python3/dist-packages/colcon_core/task/python/colcon_distutils_commands:/home/alfonso/coppelia_vision_act13_ws/install/coppelia_bridge_pkg/lib/python3.10/site-packages:${PYTHONPATH} /usr/bin/python3 -W ignore:setup.py install is deprecated -W ignore:easy_install command is deprecated setup.py egg_info --egg-base ../../build/coppelia_bridge_pkg build --build-base /home/alfonso/coppelia_vision_act13_ws/build/coppelia_bridge_pkg/build install --record /home/alfonso/coppelia_vision_act13_ws/build/coppelia_bridge_pkg/install.log --single-version-externally-managed install_data
