[0.963s] Invoking command in '/home/alfonso/coppelia_vision_act13_ws/src/camera_streamer_pkg': PYTHONPATH=/home/alfonso/coppelia_vision_act13_ws/build/camera_streamer_pkg/prefix_override:/usr/lib/python3/dist-packages/colcon_core/task/python/colcon_distutils_commands:/home/alfonso/coppelia_vision_act13_ws/install/camera_streamer_pkg/lib/python3.10/site-packages:${PYTHONPATH} /usr/bin/python3 -W ignore:setup.py install is deprecated -W ignore:easy_install command is deprecated setup.py egg_info --egg-base ../../build/camera_streamer_pkg build --build-base /home/alfonso/coppelia_vision_act13_ws/build/camera_streamer_pkg/build install --record /home/alfonso/coppelia_vision_act13_ws/build/camera_streamer_pkg/install.log --single-version-externally-managed install_data
[1.132s] running egg_info
[1.133s] creating ../../build/camera_streamer_pkg/camera_streamer_pkg.egg-info
[1.133s] writing ../../build/camera_streamer_pkg/camera_streamer_pkg.egg-info/PKG-INFO
[1.133s] writing dependency_links to ../../build/camera_streamer_pkg/camera_streamer_pkg.egg-info/dependency_links.txt
[1.134s] writing entry points to ../../build/camera_streamer_pkg/camera_streamer_pkg.egg-info/entry_points.txt
[1.134s] writing requirements to ../../build/camera_streamer_pkg/camera_streamer_pkg.egg-info/requires.txt
[1.134s] writing top-level names to ../../build/camera_streamer_pkg/camera_streamer_pkg.egg-info/top_level.txt
[1.134s] writing manifest file '../../build/camera_streamer_pkg/camera_streamer_pkg.egg-info/SOURCES.txt'
[1.134s] reading manifest file '../../build/camera_streamer_pkg/camera_streamer_pkg.egg-info/SOURCES.txt'
[1.135s] writing manifest file '../../build/camera_streamer_pkg/camera_streamer_pkg.egg-info/SOURCES.txt'
[1.135s] running build
[1.136s] running build_py
[1.136s] creating /home/alfonso/coppelia_vision_act13_ws/build/camera_streamer_pkg/build
[1.136s] creating /home/alfonso/coppelia_vision_act13_ws/build/camera_streamer_pkg/build/lib
[1.136s] creating /home/alfonso/coppelia_vision_act13_ws/build/camera_streamer_pkg/build/lib/camera_streamer_pkg
[1.136s] copying camera_streamer_pkg/__init__.py -> /home/alfonso/coppelia_vision_act13_ws/build/camera_streamer_pkg/build/lib/camera_streamer_pkg
[1.136s] copying camera_streamer_pkg/node_camera_publisher.py -> /home/alfonso/coppelia_vision_act13_ws/build/camera_streamer_pkg/build/lib/camera_streamer_pkg
[1.137s] running install
[1.137s] running install_lib
[1.138s] creating /home/alfonso/coppelia_vision_act13_ws/install/camera_streamer_pkg/lib/python3.10/site-packages/camera_streamer_pkg
[1.138s] copying /home/alfonso/coppelia_vision_act13_ws/build/camera_streamer_pkg/build/lib/camera_streamer_pkg/__init__.py -> /home/alfonso/coppelia_vision_act13_ws/install/camera_streamer_pkg/lib/python3.10/site-packages/camera_streamer_pkg
[1.138s] copying /home/alfonso/coppelia_vision_act13_ws/build/camera_streamer_pkg/build/lib/camera_streamer_pkg/node_camera_publisher.py -> /home/alfonso/coppelia_vision_act13_ws/install/camera_streamer_pkg/lib/python3.10/site-packages/camera_streamer_pkg
[1.139s] byte-compiling /home/alfonso/coppelia_vision_act13_ws/install/camera_streamer_pkg/lib/python3.10/site-packages/camera_streamer_pkg/__init__.py to __init__.cpython-310.pyc
[1.139s] byte-compiling /home/alfonso/coppelia_vision_act13_ws/install/camera_streamer_pkg/lib/python3.10/site-packages/camera_streamer_pkg/node_camera_publisher.py to node_camera_publisher.cpython-310.pyc
[1.139s] running install_data
[1.139s] creating /home/alfonso/coppelia_vision_act13_ws/install/camera_streamer_pkg/share/ament_index
[1.139s] creating /home/alfonso/coppelia_vision_act13_ws/install/camera_streamer_pkg/share/ament_index/resource_index
[1.139s] creating /home/alfonso/coppelia_vision_act13_ws/install/camera_streamer_pkg/share/ament_index/resource_index/packages
[1.139s] copying resource/camera_streamer_pkg -> /home/alfonso/coppelia_vision_act13_ws/install/camera_streamer_pkg/share/ament_index/resource_index/packages
[1.139s] copying package.xml -> /home/alfonso/coppelia_vision_act13_ws/install/camera_streamer_pkg/share/camera_streamer_pkg
[1.140s] creating /home/alfonso/coppelia_vision_act13_ws/install/camera_streamer_pkg/share/camera_streamer_pkg/launch
[1.140s] copying launch/coppelia_vision_launch.py -> /home/alfonso/coppelia_vision_act13_ws/install/camera_streamer_pkg/share/camera_streamer_pkg/launch
[1.140s] running install_egg_info
[1.140s] Copying ../../build/camera_streamer_pkg/camera_streamer_pkg.egg-info to /home/alfonso/coppelia_vision_act13_ws/install/camera_streamer_pkg/lib/python3.10/site-packages/camera_streamer_pkg-0.0.0-py3.10.egg-info
[1.140s] running install_scripts
[1.152s] Installing node_camera_publisher script to /home/alfonso/coppelia_vision_act13_ws/install/camera_streamer_pkg/lib/camera_streamer_pkg
[1.152s] writing list of installed files to '/home/alfonso/coppelia_vision_act13_ws/build/camera_streamer_pkg/install.log'
[1.190s] Invoked command in '/home/alfonso/coppelia_vision_act13_ws/src/camera_streamer_pkg' returned '0': PYTHONPATH=/home/alfonso/coppelia_vision_act13_ws/build/camera_streamer_pkg/prefix_override:/usr/lib/python3/dist-packages/colcon_core/task/python/colcon_distutils_commands:/home/alfonso/coppelia_vision_act13_ws/install/camera_streamer_pkg/lib/python3.10/site-packages:${PYTHONPATH} /usr/bin/python3 -W ignore:setup.py install is deprecated -W ignore:easy_install command is deprecated setup.py egg_info --egg-base ../../build/camera_streamer_pkg build --build-base /home/alfonso/coppelia_vision_act13_ws/build/camera_streamer_pkg/build install --record /home/alfonso/coppelia_vision_act13_ws/build/camera_streamer_pkg/install.log --single-version-externally-managed install_data
