[0.828s] Invoking command in '/home/alfonso/coppelia_vision_act13_ws/src/camera_streamer_pkg': PYTHONPATH=/home/alfonso/coppelia_vision_act13_ws/build/camera_streamer_pkg/prefix_override:/usr/lib/python3/dist-packages/colcon_core/task/python/colcon_distutils_commands:/home/alfonso/coppelia_vision_act13_ws/install/camera_streamer_pkg/lib/python3.10/site-packages:${PYTHONPATH} /usr/bin/python3 -W ignore:setup.py install is deprecated -W ignore:easy_install command is deprecated setup.py egg_info --egg-base ../../build/camera_streamer_pkg build --build-base /home/alfonso/coppelia_vision_act13_ws/build/camera_streamer_pkg/build install --record /home/alfonso/coppelia_vision_act13_ws/build/camera_streamer_pkg/install.log --single-version-externally-managed install_data
[0.996s] running egg_info
[0.997s] writing ../../build/camera_streamer_pkg/camera_streamer_pkg.egg-info/PKG-INFO
[0.997s] writing dependency_links to ../../build/camera_streamer_pkg/camera_streamer_pkg.egg-info/dependency_links.txt
[0.997s] writing entry points to ../../build/camera_streamer_pkg/camera_streamer_pkg.egg-info/entry_points.txt
[0.997s] writing requirements to ../../build/camera_streamer_pkg/camera_streamer_pkg.egg-info/requires.txt
[0.997s] writing top-level names to ../../build/camera_streamer_pkg/camera_streamer_pkg.egg-info/top_level.txt
[0.998s] reading manifest file '../../build/camera_streamer_pkg/camera_streamer_pkg.egg-info/SOURCES.txt'
[0.999s] writing manifest file '../../build/camera_streamer_pkg/camera_streamer_pkg.egg-info/SOURCES.txt'
[0.999s] running build
[0.999s] running build_py
[0.999s] copying camera_streamer_pkg/node_camera_publisher.py -> /home/alfonso/coppelia_vision_act13_ws/build/camera_streamer_pkg/build/lib/camera_streamer_pkg
[0.999s] running install
[0.999s] running install_lib
[1.000s] copying /home/alfonso/coppelia_vision_act13_ws/build/camera_streamer_pkg/build/lib/camera_streamer_pkg/node_camera_publisher.py -> /home/alfonso/coppelia_vision_act13_ws/install/camera_streamer_pkg/lib/python3.10/site-packages/camera_streamer_pkg
[1.000s] byte-compiling /home/alfonso/coppelia_vision_act13_ws/install/camera_streamer_pkg/lib/python3.10/site-packages/camera_streamer_pkg/node_camera_publisher.py to node_camera_publisher.cpython-310.pyc
[1.001s] running install_data
[1.001s] running install_egg_info
[1.003s] removing '/home/alfonso/coppelia_vision_act13_ws/install/camera_streamer_pkg/lib/python3.10/site-packages/camera_streamer_pkg-0.0.0-py3.10.egg-info' (and everything under it)
[1.003s] Copying ../../build/camera_streamer_pkg/camera_streamer_pkg.egg-info to /home/alfonso/coppelia_vision_act13_ws/install/camera_streamer_pkg/lib/python3.10/site-packages/camera_streamer_pkg-0.0.0-py3.10.egg-info
[1.003s] running install_scripts
[1.017s] Installing node_camera_publisher script to /home/alfonso/coppelia_vision_act13_ws/install/camera_streamer_pkg/lib/camera_streamer_pkg
[1.018s] writing list of installed files to '/home/alfonso/coppelia_vision_act13_ws/build/camera_streamer_pkg/install.log'
[1.054s] Invoked command in '/home/alfonso/coppelia_vision_act13_ws/src/camera_streamer_pkg' returned '0': PYTHONPATH=/home/alfonso/coppelia_vision_act13_ws/build/camera_streamer_pkg/prefix_override:/usr/lib/python3/dist-packages/colcon_core/task/python/colcon_distutils_commands:/home/alfonso/coppelia_vision_act13_ws/install/camera_streamer_pkg/lib/python3.10/site-packages:${PYTHONPATH} /usr/bin/python3 -W ignore:setup.py install is deprecated -W ignore:easy_install command is deprecated setup.py egg_info --egg-base ../../build/camera_streamer_pkg build --build-base /home/alfonso/coppelia_vision_act13_ws/build/camera_streamer_pkg/build install --record /home/alfonso/coppelia_vision_act13_ws/build/camera_streamer_pkg/install.log --single-version-externally-managed install_data
